negative/illegal-stored-properties.hylo:4.3-9: error: generic types cannot contain static stored properties
  static let bar: Void = ()
  ~~~~~~
negative/illegal-stored-properties.hylo:8.3-6: error: enums cannot contain stored properties
  let foo: Void
  ~~~
negative/illegal-stored-properties.hylo:9.3-9: error: generic types cannot contain static stored properties
  static let bar: Void = ()
  ~~~~~~
negative/illegal-stored-properties.hylo:13.3-6: error: extensions cannot contain stored properties
  let foo: Void
  ~~~
negative/illegal-stored-properties.hylo:14.3-9: error: generic types cannot contain static stored properties
  static let bar: Void = ()
  ~~~~~~
