fun HasTrivialPart.deinit(sink %p0: HasTrivialPart, set %p1: Void) {
%b0:
  %r0 = access [set] %p1
  %r1 = assume_state %r0 initialized
  %r2 = end %r0
  %r4 = subfield %p0 at 0 as Int
  %r5 = access [sink] %r4
  %r6 = assume_state %r5 uninitialized
  %r7 = end %r5
  %r3 = return
}

fun HasPartWithCustomDeinit.deinit(sink %p0: HasPartWithCustomDeinit, set %p1: Void) {
%b0:
  %r0 = access [set] %p1
  %r1 = assume_state %r0 initialized
  %r2 = end %r0
  %r4 = subfield %p0 at 0 as HasTrivialPart
  %r5 = project HasTrivialPart.$<ConformanceDeclaration at deinit-structural:3.26>[]
  %r6 = alloca Void, #preferred
  %r7 = access [sink] %r4
  %r8 = access [set] %r6
  %r9 = property "deinit" of %r5
  %r10 = access [let] %r9
  %r11 = apply %r10(%r7) => %r8
  %r12 = end %r10
  %r15 = end %r5
  %r13 = end %r8
  %r14 = end %r7
  %r3 = return
}

fun HasNoParts.deinit(sink %p0: HasNoParts, set %p1: Void) {
%b0:
  %r0 = access [set] %p1
  %r1 = assume_state %r0 initialized
  %r2 = end %r0
  %r4 = access [sink] %p0
  %r5 = assume_state %r4 uninitialized
  %r6 = end %r4
  %r3 = return
}

fun EnumFallsBackToWitness.deinit(sink %p0: EnumFallsBackToWitness, set %p1: Void) {
%b0:
  %r0 = access [set] %p1
  %r1 = assume_state %r0 initialized
  %r2 = end %r0
  %r4 = project EnumFallsBackToWitness.$<ConformanceDeclaration at deinit-structural:30.32>[]
  %r5 = alloca Void, #preferred
  %r6 = access [sink] %p0
  %r7 = access [set] %r5
  %r8 = property "deinit" of %r4
  %r9 = access [let] %r8
  %r10 = apply %r9(%r6) => %r7
  %r11 = end %r9
  %r14 = end %r4
  %r12 = end %r7
  %r13 = end %r6
  %r3 = return
}
