define private %sTR0U7Int32S10 @"mFM6TestUegenericcallC3PF03flT01tR516selfgcTK20sTR0U7Int32S15cDpTcTK21L3tR501L3tR5$hJ"(ptr %0) {
  %2 = alloca %sTR0U7Int32S10, align 4
  %3 = alloca {}, align 8
  %4 = call %sTR0U7Int32S10 @"M6TestUegenericcallcDpTcTK1C3P1gcTK20tR50F03flT01tR516selftR5sTR0U7Int32S15$fJ"()
  store %sTR0U7Int32S10 %4, ptr %2, align 8
  %5 = load %sTR0U7Int32S10, ptr %2, align 1
  ret %sTR0U7Int32S10 %5
}

define private i32 @"lPM6TestUegenericcallF06mainlT01tR50sTR0U7Int32S134$hJ"(ptr %0, ptr %1, ptr %2, ptr %3) {
  %5 = load [2 x ptr], ptr %1, align 8
  %6 = extractvalue [2 x ptr] %5, 0
  %7 = extractvalue [2 x ptr] %5, 1
  %8 = getelementptr inbounds %"pTcTM6TestUegenericcallC3P1gcTK20tR5$jJ", ptr %0, i32 0, i32 0
  %9 = load ptr, ptr %8, align 8
  %10 = call %sTR0U7Int32S10 %9()
  store %sTR0U7Int32S10 %10, ptr %6, align 8
  call void %2(ptr %3)
  ret i32 0
}
