define private void @"M6TestUksynthesizeddeinitS4S0F08deinitlT08tR516selfsTK2tR5$jJ"(%"sTM6TestUksynthesizeddeinitS4S0$lJ" %0) {
  %2 = alloca {}, align 8
  %3 = alloca %"sTM6TestUksynthesizeddeinitS4S0$lJ", align 8
  store %"sTM6TestUksynthesizeddeinitS4S0$lJ" %0, ptr %3, align 8
  %4 = getelementptr inbounds %"sTM6TestUksynthesizeddeinitS4S0$lJ", ptr %3, i32 0, i32 0
  ret void
}

define void @"xFR0UhDeinitializableC10F08deinitlT08tR516selfgcTK10tR51L2sTM6TestUksynthesizeddeinitS4S1$PsJ"(%"pTcTR0UhDeinitializableC101gcTK10sTM6TestUksynthesizeddeinitS4S1$P3J" %0) {
  %2 = alloca {}, align 8
  %3 = alloca %"pTcTR0UhDeinitializableC101gcTK10sTM6TestUksynthesizeddeinitS4S1$P3J", align 8
  store %"pTcTR0UhDeinitializableC101gcTK10sTM6TestUksynthesizeddeinitS4S1$P3J" %0, ptr %3, align 8
  %4 = alloca {}, align 8
  ret void
}

define void @"xFR0UhDeinitializableC10F08deinitlT08tR516selfgcTK10tR51L2sTM6TestUksynthesizeddeinitS4S2$PsJ"(%"pTcTR0UhDeinitializableC101gcTK10sTM6TestUksynthesizeddeinitS4S2$P3J" %0, ptr %1) {
  %3 = alloca %tR5, align 1
  %4 = alloca {}, align 8
  %5 = alloca %"pTcTR0UhDeinitializableC101gcTK10sTM6TestUksynthesizeddeinitS4S2$P3J", align 8
  store %"pTcTR0UhDeinitializableC101gcTK10sTM6TestUksynthesizeddeinitS4S2$P3J" %0, ptr %5, align 8
  %6 = getelementptr inbounds %"sTM6TestUksynthesizeddeinitS4S2$lJ", ptr %1, i32 0, i32 0
  %7 = getelementptr inbounds %"sTM6TestUksynthesizeddeinitS4S2$lJ", ptr %1, i32 0, i32 1
  %8 = getelementptr inbounds %"tTsTM6TestUksynthesizeddeinitS4S0tTsTK1S4S1tR5$nJ", ptr %7, i32 0, i32 0
  %9 = load %"sTM6TestUksynthesizeddeinitS4S0$lJ", ptr %8, align 1
  call void @"M6TestUksynthesizeddeinitS4S0F08deinitlT08tR516selfsTK2tR5$jJ"(%"sTM6TestUksynthesizeddeinitS4S0$lJ" %9)
  %10 = getelementptr inbounds %"tTsTM6TestUksynthesizeddeinitS4S0tTsTK1S4S1tR5$nJ", ptr %7, i32 0
  ret void
}
